Building Lantern library...
go env -w 'GOPRIVATE=github.com/getlantern/*' && \
go install golang.org/x/mobile/cmd/gomobile@latest && \
go get golang.org/x/mobile/bind && \
gomobile init && \
gomobile bind -target=android -tags='headless lantern' -o=build/liblantern.aar \
	-androidapi=23 \
	-ldflags="-s -w -checklinkname=0" ./lantern
go: downloading golang.org/x/mobile v0.0.0-20260908204917-8b95e45f8d3e
go: golang.org/x/mobile@v0.0.0-20260908204917-8b95e45f8d3e requires go >= 1.26.0; switching to go1.26.8
go: downloading go1.26.8 (linux/amd64)
go: downloading golang.org/x/mod v0.41.0
go: downloading golang.org/x/sync v0.23.0
go: downloading golang.org/x/tools v0.50.0
go: golang.org/x/mobile@v0.0.0-20260908204917-8b95e45f8d3e requires go >= 1.26.0; switching to go1.26.8
go: downloading golang.org/x/crypto v0.57.0
go: downloading golang.org/x/net v0.59.0
go: downloading golang.org/x/sys v0.48.0
go: downloading golang.org/x/text v0.42.0
go: upgraded go 1.22.4 => 1.26.0
go: upgraded golang.org/x/crypto v0.32.0 => v0.57.0
go: upgraded golang.org/x/mobile v0.0.0-20250106192035-c31d5b91ecc3 => v0.0.0-20260908204917-8b95e45f8d3e
go: upgraded golang.org/x/mod v0.22.0 => v0.41.0
go: upgraded golang.org/x/net v0.34.0 => v0.59.0
go: upgraded golang.org/x/sync v0.10.0 => v0.23.0
go: upgraded golang.org/x/sys v0.29.0 => v0.48.0
go: upgraded golang.org/x/text v0.21.0 => v0.42.0
go: upgraded golang.org/x/tools v0.29.0 => v0.50.0
echo "Copying AAR to sdk/libs..."
Copying AAR to sdk/libs...
mkdir -p sdk/libs
cp build/liblantern.aar sdk/libs/liblantern.aar
echo "Lantern: build/liblantern.aar"
Lantern: build/liblantern.aar
./gradlew clean :sdk:assembleRelease
Downloading https://services.gradle.org/distributions/gradle-8.12-bin.zip
.............10%.............20%.............30%.............40%.............50%.............60%.............70%.............80%.............90%.............100%

Welcome to Gradle 8.12!

Here are the highlights of this release:
 - Enhanced error and warning reporting with the Problems API
 - File-system watching support on Alpine Linux
 - Build and test Swift 6 libraries and apps

For more details see https://docs.gradle.org/8.12/release-notes.html

Starting a Gradle Daemon (subsequent builds will be faster)

> Configure project :example
WARNING: Using flatDir should be avoided because it doesn't support any meta-data formats.
WARNING: Using flatDir2 should be avoided because it doesn't support any meta-data formats.

> Configure project :sdk
WARNING: Using flatDir should be avoided because it doesn't support any meta-data formats.
Configuration 'embed' was resolved during configuration time.
This is a build performance and scalability issue.
See https://github.com/gradle/gradle/issues/2298
Run with --info for a stacktrace.
Configuration 'debugEmbed' was resolved during configuration time.
This is a build performance and scalability issue.
See https://github.com/gradle/gradle/issues/2298
Run with --info for a stacktrace.
Configuration 'releaseEmbed' was resolved during configuration time.
This is a build performance and scalability issue.
See https://github.com/gradle/gradle/issues/2298
Run with --info for a stacktrace.

> Task :clean
> Task :example:clean UP-TO-DATE
> Task :sdk:clean UP-TO-DATE
> Task :sdk:checkKotlinGradlePluginConfigurationErrors SKIPPED
> Task :sdk:preBuild UP-TO-DATE

> Task :sdk:preReleaseEmbed
[fat-aar][embed detected][aar]:liblantern:

> Task :sdk:preReleaseBuild
> Task :sdk:generateReleaseResValues
> Task :sdk:dataBindingMergeDependencyArtifactsRelease
> Task :sdk:explodeLiblanternRelease
> Task :sdk:generateReleaseResources
> Task :sdk:packageReleaseResources
> Task :sdk:dataBindingTriggerRelease
> Task :sdk:parseReleaseLocalResources
> Task :sdk:javaPreCompileRelease
> Task :sdk:dataBindingGenBaseClassesRelease
> Task :sdk:generateReleaseRFile
> Task :sdk:mergeReleaseJniLibFolders
> Task :sdk:extractDeepLinksForAarRelease
> Task :sdk:mergeReleaseShaders
> Task :sdk:compileReleaseShaders NO-SOURCE
> Task :sdk:generateReleaseAssets UP-TO-DATE
> Task :sdk:packageReleaseAssets
> Task :sdk:prepareLintJarForPublish
> Task :sdk:prepareReleaseArtProfile
> Task :sdk:writeReleaseAarMetadata
> Task :sdk:mergeReleaseNativeLibs
> Task :sdk:mapReleaseSourceSetPaths
> Task :sdk:processReleaseManifest

> Task :sdk:stripReleaseDebugSymbols
Unable to strip the following libraries, packaging them as they are: libgojni.so.

> Task :sdk:mergeReleaseResources
> Task :sdk:copyReleaseJniLibsProjectAndLocalJars
> Task :sdk:verifyReleaseResources
> Task :sdk:compileReleaseKotlin
> Task :sdk:compileReleaseJavaWithJavac
> Task :sdk:mergeClassesRelease
> Task :sdk:extractReleaseAnnotations
> Task :sdk:processReleaseJavaRes
> Task :sdk:mergeReleaseJavaResource
> Task :sdk:transformReleaseClassesWithAsm
> Task :sdk:syncReleaseLibJars
> Task :sdk:mergeJarsRelease
> Task :sdk:mergeReleaseGeneratedProguardFiles
> Task :sdk:mergeReleaseConsumerProguardFiles
> Task :sdk:bundleReleaseAar
> Task :sdk:assembleRelease

[Incubating] Problems report is available at: file:///home/runner/work/lantern-aar/lantern-aar/sdk-src/build/reports/problems/problems-report.html

Deprecated Gradle features were used in this build, making it incompatible with Gradle 9.0.

You can use '--warning-mode all' to show the individual deprecation warnings and determine if they come from your own scripts or plugins.

For more on this, please refer to https://docs.gradle.org/8.12/userguide/command_line_interface.html#sec:command_line_warnings in the Gradle documentation.

BUILD SUCCESSFUL in 1m 22s
40 actionable tasks: 38 executed, 2 up-to-date
cp build/sdk/outputs/aar/sdk-release.aar ./build/lanternsdk-android.aar
